"Acinetobacter.01","Acinetobacter.02","Actinomyces.01","Actinomyces.02","Alicyclobacillus.01"
"Acinetobacter.01",1,-0.0645238095238096,-0.02768408314798,-0.0165070852556317,0.0920555180685549
"Acinetobacter.02",-0.00272970849533632,1,0.0213010481998415,0.0351311005849883,0.000320379332573549
"Actinomyces.01",-0.27963899353331,5.08595238095238,1,0.703448906451568,-0.0415823747243629
"Actinomyces.02",-0.167297890771369,8.41619047619048,0.705805510391005,1,-0.0264414648556679
"Alicyclobacillus.01",8.61610830194001,0.708809523809523,-0.385303563121594,-0.244189374799985,1
